#-----------------------------------------------------------
# Vivado v2025.2 (64-bit)
# SW Build 6299465 on Fri Nov 14 19:35:11 GMT 2025
# IP Build 6300035 on Fri Nov 14 10:48:45 MST 2025
# SharedData Build 6298862 on Thu Nov 13 04:50:51 MST 2025
# Start of session at: Tue Feb 17 02:34:03 2026
# Process ID         : 11792
# Current directory  : C:/Users/ELVIS/OneDrive - National University of Singapore/A. NUS/EE4218/EE4218-Lab/docs/Lab_2/Lab_2_Files/Lab-2-Files
# Command line       : vivado.exe -gui_launcher_event rodinguilauncherevent17076 C:\Users\ELVIS\OneDrive - National University of Singapore\A. NUS\EE4218\EE4218-Lab\docs\Lab_2\Lab_2_Files\Lab-2-Files\Lab_2.xpr
# Log file           : C:/Users/ELVIS/OneDrive - National University of Singapore/A. NUS/EE4218/EE4218-Lab/docs/Lab_2/Lab_2_Files/Lab-2-Files/vivado.log
# Journal file       : C:/Users/ELVIS/OneDrive - National University of Singapore/A. NUS/EE4218/EE4218-Lab/docs/Lab_2/Lab_2_Files/Lab-2-Files\vivado.jou
# Running On         : ELVIS-ASUS-VIVOBOOK
# Platform           : Windows Server 2016 or Windows 10
# Operating System   : 26200
# Processor Detail   : 13th Gen Intel(R) Core(TM) i9-13900H
# CPU Frequency      : 2995 MHz
# CPU Physical cores : 14
# CPU Logical cores  : 20
# Host memory        : 16785 MB
# Swap memory        : 51539 MB
# Total Virtual      : 68325 MB
# Available Virtual  : 59114 MB
#-----------------------------------------------------------
start_gui
open_project {C:/Users/ELVIS/OneDrive - National University of Singapore/A. NUS/EE4218/EE4218-Lab/docs/Lab_2/Lab_2_Files/Lab-2-Files/Lab_2.xpr}
update_compile_order -fileset sources_1
reset_run synth_1
launch_runs impl_1 -to_step write_bitstream -jobs 20
wait_on_run impl_1
